
> venueflow@0.0.0 build
> tsc && vite build

[36mvite v8.0.9 [32mbuilding client environment for production...[36m[39m
[2K
transforming...Γ£ô 1778 modules transformed.
rendering chunks...
computing gzip size...
dist/registerSW.js                0.13 kB
dist/manifest.webmanifest         0.36 kB
dist/index.html                   1.03 kB Γöé gzip:  0.55 kB
dist/assets/index-GJRucUUT.css   10.80 kB Γöé gzip:  3.21 kB
dist/assets/index-DJ3AfVRs.js   152.65 kB Γöé gzip: 45.48 kB

node.exe : [31mΓ£ù[39m Build failed in 565ms
At C:\Program Files\nodejs\npm.ps1:29 char:3
+   & $NODE_EXE $NPM_CLI_JS $args
+   ~~~~~~~~~~~~~~~~~~~~~~~~~~~~~
    + CategoryInfo          : NotSpecified: ([31mΓ£ù[39m Build failed in 565ms:String) [], RemoteException
    + FullyQualifiedErrorId : NativeCommandError
 

PWA v1.2.0
mode      generateSW
precache  11 entries (857.40 KiB)
files generated
  dist/sw.js
  dist/workbox-cee25bd0.js
[31merror during build:
[31mBuild failed with 1 error:

Error: [vite]: Rolldown failed to resolve import "react" from "C:/Venueflow/Venueflow/venueflow/src/main.jsx".
This is most likely unintended because it can break your application at runtime.
If you do want to externalize this module explicitly add it to
`build.rollupOptions.external`
    at viteLog (file:///C:/Venueflow/Venueflow/venueflow/node_modules/vite/dist/node/chunks/node.js:33092:57)
    at file:///C:/Venueflow/Venueflow/venueflow/node_modules/vite/dist/node/chunks/node.js:33128:71
    at onwarn (file:///C:/Venueflow/Venueflow/venueflow/node_modules/@vitejs/plugin-react/dist/index.js:40:7)
    at file:///C:/Venueflow/Venueflow/venueflow/node_modules/vite/dist/node/chunks/node.js:33128:28
    at onRollupLog (file:///C:/Venueflow/Venueflow/venueflow/node_modules/vite/dist/node/chunks/node.js:33123:63)
    at onLog (file:///C:/Venueflow/Venueflow/venueflow/node_modules/vite/dist/node/chunks/node.js:32892:4)
    at file:///C:/Venueflow/Venueflow/venueflow/node_modules/rolldown/dist/shared/rolldown-build-BPKCFYpX.mjs:50:26
    at logger 
(file:///C:/Venueflow/Venueflow/venueflow/node_modules/rolldown/dist/shared/rolldown-build-BPKCFYpX.mjs:41:3)
    at onLog (file:///C:/Venueflow/Venueflow/venueflow/node_modules/rolldown/dist/shared/bindingify-input-options-aPVax
NxQ.mjs:1991:32)[31m
    at aggregateBindingErrorsIntoJsError 
(file:///C:/Venueflow/Venueflow/venueflow/node_modules/rolldown/dist/shared/error-DAA7ncC5.mjs:48:18)
    at unwrapBindingResult 
(file:///C:/Venueflow/Venueflow/venueflow/node_modules/rolldown/dist/shared/error-DAA7ncC5.mjs:18:128)
    at #build 
(file:///C:/Venueflow/Venueflow/venueflow/node_modules/rolldown/dist/shared/rolldown-build-BPKCFYpX.mjs:3317:34)
    at async buildEnvironment 
(file:///C:/Venueflow/Venueflow/venueflow/node_modules/vite/dist/node/chunks/node.js:32999:64)
    at async Object.build 
(file:///C:/Venueflow/Venueflow/venueflow/node_modules/vite/dist/node/chunks/node.js:33421:19)
    at async Object.buildApp 
(file:///C:/Venueflow/Venueflow/venueflow/node_modules/vite/dist/node/chunks/node.js:33418:153)
    at async CAC.<anonymous> (file:///C:/Venueflow/Venueflow/venueflow/node_modules/vite/dist/node/cli.js:778:3) {
  errors: [Getter/Setter]
}[39m
